<?xml version="1.0" encoding="UTF-8"?>
<testsuites name="jest tests" tests="18" failures="4" errors="0" time="5.723">
  <testsuite name="src/shared/core/Guard.spec.ts" errors="0" failures="0" skipped="0" timestamp="2023-10-07T18:09:13" time="2.086" tests="9">
    <testcase classname="guard &gt; combined results - knows that two successful results equates to success" name="guard &gt; combined results - knows that two successful results equates to success" time="0.008">
    </testcase>
    <testcase classname="guard &gt; combined results - knows that one success, one failure equates to overall failure" name="guard &gt; combined results - knows that one success, one failure equates to overall failure" time="0.005">
    </testcase>
    <testcase classname="guard &gt; against null or undefined - knows that value provided equates to success" name="guard &gt; against null or undefined - knows that value provided equates to success" time="0.002">
    </testcase>
    <testcase classname="guard &gt; against null or undefined - knows that null value equates to failure" name="guard &gt; against null or undefined - knows that null value equates to failure" time="0.002">
    </testcase>
    <testcase classname="guard &gt; against null or undefined - knows that undefined value equates to failure" name="guard &gt; against null or undefined - knows that undefined value equates to failure" time="0.001">
    </testcase>
    <testcase classname="guard &gt; against null or undefined - knows that empty string still equates to success" name="guard &gt; against null or undefined - knows that empty string still equates to success" time="0.001">
    </testcase>
    <testcase classname="guard &gt; against null or undefined bulk - knows that values provided equates to success" name="guard &gt; against null or undefined bulk - knows that values provided equates to success" time="0.001">
    </testcase>
    <testcase classname="guard &gt; against null or undefined bulk - knows that a single null value equates to failure" name="guard &gt; against null or undefined bulk - knows that a single null value equates to failure" time="0.002">
    </testcase>
    <testcase classname="guard &gt; against null or undefined bulk - knows that a single undefined value equates to failure" name="guard &gt; against null or undefined bulk - knows that a single undefined value equates to failure" time="0.001">
    </testcase>
  </testsuite>
  <testsuite name="src/api_test/global.api.test.ts" errors="0" failures="4" skipped="0" timestamp="2023-10-07T18:09:13" time="2.719" tests="4">
    <testcase classname="Users endpoint - Post - Create User" name="Users endpoint - Post - Create User" time="0.22">
      <failure>Error: expect(received).toBe(expected) // Object.is equality

Expected: 200
Received: 500
    at Object.&lt;anonymous&gt; (/home/ruipina/Documents/Universidade/ODSOFT/ddd-forum-odsoft-NCF_5/src/api_test/users.partial-test.ts:751:29)
    at processTicksAndRejections (internal/process/task_queues.js:97:5)</failure>
    </testcase>
    <testcase classname="Users endpoint - Post Login" name="Users endpoint - Post Login" time="0.041">
      <failure>Error: expect(received).toBe(expected) // Object.is equality

Expected: 200
Received: 500
    at Object.&lt;anonymous&gt; (/home/ruipina/Documents/Universidade/ODSOFT/ddd-forum-odsoft-NCF_5/src/api_test/users.partial-test.ts:765:29)
    at processTicksAndRejections (internal/process/task_queues.js:97:5)</failure>
    </testcase>
    <testcase classname="Users endpoint - Get Me" name="Users endpoint - Get Me" time="0.015">
      <failure>TypeError: Cannot read property &apos;status&apos; of undefined
    at Object.&lt;anonymous&gt; (/home/ruipina/Documents/Universidade/ODSOFT/ddd-forum-odsoft-NCF_5/src/api_test/users.partial-test.ts:797:21)
    at processTicksAndRejections (internal/process/task_queues.js:97:5)</failure>
    </testcase>
    <testcase classname="Posts endpoint - Get popular posts" name="Posts endpoint - Get popular posts" time="0.069">
      <failure>Error: expect(received).toBe(expected) // Object.is equality

Expected: 200
Received: 500
    at Object.&lt;anonymous&gt; (/home/ruipina/Documents/Universidade/ODSOFT/ddd-forum-odsoft-NCF_5/src/api_test/forum.partial-test.ts:556:29)
    at processTicksAndRejections (internal/process/task_queues.js:97:5)</failure>
    </testcase>
  </testsuite>
  <testsuite name="src/modules/forum/domain/postSlug.spec.ts" errors="0" failures="0" skipped="0" timestamp="2023-10-07T18:09:13" time="4.258" tests="2">
    <testcase classname=" - Should be able to create a post slug" name=" - Should be able to create a post slug" time="0.008">
    </testcase>
    <testcase classname=" - Should be able to parse out any bad characters not suitable for a slug" name=" - Should be able to parse out any bad characters not suitable for a slug" time="0.002">
    </testcase>
  </testsuite>
  <testsuite name="src/modules/forum/domain/services/postService.spec.ts" errors="0" failures="0" skipped="0" timestamp="2023-10-07T18:09:13" time="4.367" tests="3">
    <testcase classname=" - Comments: Given one member, a downvote to a post without any votes should add one downvote" name=" - Comments: Given one member, a downvote to a post without any votes should add one downvote" time="0.034">
    </testcase>
    <testcase classname=" - Comments: Given one member, several downvotes to an already downvoted post should do nothing." name=" - Comments: Given one member, several downvotes to an already downvoted post should do nothing." time="0.015">
    </testcase>
    <testcase classname=" - Comments: Given one member, a downvote to a comment it already upvoted should merely remove the upvote and create no additional downvote" name=" - Comments: Given one member, a downvote to a comment it already upvoted should merely remove the upvote and create no additional downvote" time="0.01">
    </testcase>
  </testsuite>
</testsuites>